Command line invocation:
    /Applications/Xcode.app/Contents/Developer/usr/bin/xcodebuild -project CopyM8.xcodeproj -scheme CopyM8 -configuration Debug build

Resolve Package Graph


Resolved source packages:
  KeyboardShortcuts: https://github.com/sindresorhus/KeyboardShortcuts.git @ 2.4.0

--- xcodebuild: WARNING: Using the first of multiple matching destinations:
{ platform:macOS, arch:arm64, id:00006040-001C08E43C20801C, name:My Mac }
{ platform:macOS, arch:x86_64, id:00006040-001C08E43C20801C, name:My Mac }
{ platform:macOS, name:Any Mac }
ComputePackagePrebuildTargetDependencyGraph

Prepare packages

CreateBuildRequest

SendProjectDescription

CreateBuildOperation

ComputeTargetDependencyGraph
note: Building targets in dependency order
note: Target dependency graph (4 targets)
    Target 'CopyM8' in project 'CopyM8'
        ➜ Explicit dependency on target 'KeyboardShortcuts' in project 'KeyboardShortcuts'
    Target 'KeyboardShortcuts' in project 'KeyboardShortcuts'
        ➜ Explicit dependency on target 'KeyboardShortcuts' in project 'KeyboardShortcuts'
        ➜ Explicit dependency on target 'KeyboardShortcuts_KeyboardShortcuts' in project 'KeyboardShortcuts'
    Target 'KeyboardShortcuts' in project 'KeyboardShortcuts'
        ➜ Explicit dependency on target 'KeyboardShortcuts_KeyboardShortcuts' in project 'KeyboardShortcuts'
    Target 'KeyboardShortcuts_KeyboardShortcuts' in project 'KeyboardShortcuts' (no dependencies)

GatherProvisioningInputs

CreateBuildDescription

ExecuteExternalTool /Applications/Xcode.app/Contents/Developer/Toolchains/XcodeDefault.xctoolchain/usr/bin/swiftc --version

ExecuteExternalTool /Applications/Xcode.app/Contents/Developer/Toolchains/XcodeDefault.xctoolchain/usr/bin/clang -v -E -dM -isysroot /Applications/Xcode.app/Contents/Developer/Platforms/MacOSX.platform/Developer/SDKs/MacOSX26.5.sdk -x c -c /dev/null

ExecuteExternalTool /Applications/Xcode.app/Contents/Developer/Toolchains/XcodeDefault.xctoolchain/usr/bin/ld -version_details

Build description signature: 51644025e3be18fae6cd14d6d3fc0000
Build description path: /Users/dodos/Library/Developer/Xcode/DerivedData/CopyM8-dfycskdadlcnruaeahjcfwlhvtdx/Build/Intermediates.noindex/XCBuildData/51644025e3be18fae6cd14d6d3fc0000.xcbuilddata
ClangStatCache /Applications/Xcode.app/Contents/Developer/Toolchains/XcodeDefault.xctoolchain/usr/bin/clang-stat-cache /Applications/Xcode.app/Contents/Developer/Platforms/MacOSX.platform/Developer/SDKs/MacOSX26.5.sdk /Users/dodos/Library/Developer/Xcode/DerivedData/SDKStatCaches.noindex/macosx26.5-25F70-e082c4a02f00227109f4ed75e425c832.sdkstatcache
    cd /Users/dodos/Documents/repositories/vatsa_codes/Clipboard\ Manager\ -\ CopyM8/CopyM8/CopyM8.xcodeproj
    /Applications/Xcode.app/Contents/Developer/Toolchains/XcodeDefault.xctoolchain/usr/bin/clang-stat-cache /Applications/Xcode.app/Contents/Developer/Platforms/MacOSX.platform/Developer/SDKs/MacOSX26.5.sdk -o /Users/dodos/Library/Developer/Xcode/DerivedData/SDKStatCaches.noindex/macosx26.5-25F70-e082c4a02f00227109f4ed75e425c832.sdkstatcache

ProcessInfoPlistFile /Users/dodos/Library/Developer/Xcode/DerivedData/CopyM8-dfycskdadlcnruaeahjcfwlhvtdx/Build/Products/Debug/KeyboardShortcuts_KeyboardShortcuts.bundle/Contents/Info.plist /Users/dodos/Library/Developer/Xcode/DerivedData/CopyM8-dfycskdadlcnruaeahjcfwlhvtdx/Build/Intermediates.noindex/KeyboardShortcuts.build/Debug/KeyboardShortcuts_KeyboardShortcuts.build/empty-KeyboardShortcuts_KeyboardShortcuts.plist (in target 'KeyboardShortcuts_KeyboardShortcuts' from project 'KeyboardShortcuts')
    cd /Users/dodos/Library/Developer/Xcode/DerivedData/CopyM8-dfycskdadlcnruaeahjcfwlhvtdx/SourcePackages/checkouts/KeyboardShortcuts
    builtin-infoPlistUtility /Users/dodos/Library/Developer/Xcode/DerivedData/CopyM8-dfycskdadlcnruaeahjcfwlhvtdx/Build/Intermediates.noindex/KeyboardShortcuts.build/Debug/KeyboardShortcuts_KeyboardShortcuts.build/empty-KeyboardShortcuts_KeyboardShortcuts.plist -producttype com.apple.product-type.bundle -expandbuildsettings -platform macosx -o /Users/dodos/Library/Developer/Xcode/DerivedData/CopyM8-dfycskdadlcnruaeahjcfwlhvtdx/Build/Products/Debug/KeyboardShortcuts_KeyboardShortcuts.bundle/Contents/Info.plist

SwiftDriver CopyM8 normal arm64 com.apple.xcode.tools.swift.compiler (in target 'CopyM8' from project 'CopyM8')
    cd /Users/dodos/Documents/repositories/vatsa_codes/Clipboard\ Manager\ -\ CopyM8/CopyM8
    builtin-SwiftDriver -- /Applications/Xcode.app/Contents/Developer/Toolchains/XcodeDefault.xctoolchain/usr/bin/swiftc -module-name CopyM8 -Onone @/Users/dodos/Library/Developer/Xcode/DerivedData/CopyM8-dfycskdadlcnruaeahjcfwlhvtdx/Build/Intermediates.noindex/CopyM8.build/Debug/CopyM8.build/Objects-normal/arm64/CopyM8.SwiftFileList -DDEBUG -enable-bare-slash-regex -enable-experimental-feature DebugDescriptionMacro -sdk /Applications/Xcode.app/Contents/Developer/Platforms/MacOSX.platform/Developer/SDKs/MacOSX26.5.sdk -target arm64-apple-macos14.0 -g -module-cache-path /Users/dodos/Library/Developer/Xcode/DerivedData/ModuleCache.noindex -Xfrontend -serialize-debugging-options -enable-testing -index-store-path /Users/dodos/Library/Developer/Xcode/DerivedData/CopyM8-dfycskdadlcnruaeahjcfwlhvtdx/Index.noindex/DataStore -Xcc -D_LIBCPP_HARDENING_MODE\=_LIBCPP_HARDENING_MODE_DEBUG -swift-version 5 -I /Users/dodos/Library/Developer/Xcode/DerivedData/CopyM8-dfycskdadlcnruaeahjcfwlhvtdx/Build/Products/Debug -F /Users/dodos/Library/Developer/Xcode/DerivedData/CopyM8-dfycskdadlcnruaeahjcfwlhvtdx/Build/Products/Debug/PackageFrameworks -F /Users/dodos/Library/Developer/Xcode/DerivedData/CopyM8-dfycskdadlcnruaeahjcfwlhvtdx/Build/Products/Debug -c -j14 -enable-batch-mode -incremental -Xcc -ivfsstatcache -Xcc /Users/dodos/Library/Developer/Xcode/DerivedData/SDKStatCaches.noindex/macosx26.5-25F70-e082c4a02f00227109f4ed75e425c832.sdkstatcache -output-file-map /Users/dodos/Library/Developer/Xcode/DerivedData/CopyM8-dfycskdadlcnruaeahjcfwlhvtdx/Build/Intermediates.noindex/CopyM8.build/Debug/CopyM8.build/Objects-normal/arm64/CopyM8-OutputFileMap.json -use-frontend-parseable-output -save-temps -no-color-diagnostics -explicit-module-build -module-cache-path /Users/dodos/Library/Developer/Xcode/DerivedData/CopyM8-dfycskdadlcnruaeahjcfwlhvtdx/Build/Intermediates.noindex/SwiftExplicitPrecompiledModules -clang-scanner-module-cache-path /Users/dodos/Library/Developer/Xcode/DerivedData/ModuleCache.noindex -sdk-module-cache-path /Users/dodos/Library/Developer/Xcode/DerivedData/ModuleCache.noindex -serialize-diagnostics -emit-dependencies -emit-module -emit-module-path /Users/dodos/Library/Developer/Xcode/DerivedData/CopyM8-dfycskdadlcnruaeahjcfwlhvtdx/Build/Intermediates.noindex/CopyM8.build/Debug/CopyM8.build/Objects-normal/arm64/CopyM8.swiftmodule -validate-clang-modules-once -clang-build-session-file /Users/dodos/Library/Developer/Xcode/DerivedData/ModuleCache.noindex/Session.modulevalidation -Xcc -I/Users/dodos/Library/Developer/Xcode/DerivedData/CopyM8-dfycskdadlcnruaeahjcfwlhvtdx/Build/Intermediates.noindex/CopyM8.build/Debug/CopyM8.build/swift-overrides.hmap -emit-const-values -Xfrontend -const-gather-protocols-file -Xfrontend /Users/dodos/Library/Developer/Xcode/DerivedData/CopyM8-dfycskdadlcnruaeahjcfwlhvtdx/Build/Intermediates.noindex/CopyM8.build/Debug/CopyM8.build/Objects-normal/arm64/CopyM8_const_extract_protocols.json -Xcc -iquote -Xcc /Users/dodos/Library/Developer/Xcode/DerivedData/CopyM8-dfycskdadlcnruaeahjcfwlhvtdx/Build/Intermediates.noindex/CopyM8.build/Debug/CopyM8.build/CopyM8-generated-files.hmap -Xcc -I/Users/dodos/Library/Developer/Xcode/DerivedData/CopyM8-dfycskdadlcnruaeahjcfwlhvtdx/Build/Intermediates.noindex/CopyM8.build/Debug/CopyM8.build/CopyM8-own-target-headers.hmap -Xcc -I/Users/dodos/Library/Developer/Xcode/DerivedData/CopyM8-dfycskdadlcnruaeahjcfwlhvtdx/Build/Intermediates.noindex/CopyM8.build/Debug/CopyM8.build/CopyM8-all-non-framework-target-headers.hmap -Xcc -ivfsoverlay -Xcc /Users/dodos/Library/Developer/Xcode/DerivedData/CopyM8-dfycskdadlcnruaeahjcfwlhvtdx/Build/Intermediates.noindex/CopyM8.build/Debug/CopyM8-8d9efc174e3597ea7b09193f171e01fa-VFS/all-product-headers.yaml -Xcc -iquote -Xcc /Users/dodos/Library/Developer/Xcode/DerivedData/CopyM8-dfycskdadlcnruaeahjcfwlhvtdx/Build/Intermediates.noindex/CopyM8.build/Debug/CopyM8.build/CopyM8-project-headers.hmap -Xcc -I/Users/dodos/Library/Developer/Xcode/DerivedData/CopyM8-dfycskdadlcnruaeahjcfwlhvtdx/Build/Products/Debug/include -Xcc -I/Users/dodos/Library/Developer/Xcode/DerivedData/CopyM8-dfycskdadlcnruaeahjcfwlhvtdx/Build/Intermediates.noindex/CopyM8.build/Debug/CopyM8.build/DerivedSources-normal/arm64 -Xcc -I/Users/dodos/Library/Developer/Xcode/DerivedData/CopyM8-dfycskdadlcnruaeahjcfwlhvtdx/Build/Intermediates.noindex/CopyM8.build/Debug/CopyM8.build/DerivedSources/arm64 -Xcc -I/Users/dodos/Library/Developer/Xcode/DerivedData/CopyM8-dfycskdadlcnruaeahjcfwlhvtdx/Build/Intermediates.noindex/CopyM8.build/Debug/CopyM8.build/DerivedSources -Xcc -DDEBUG\=1 -emit-objc-header -emit-objc-header-path /Users/dodos/Library/Developer/Xcode/DerivedData/CopyM8-dfycskdadlcnruaeahjcfwlhvtdx/Build/Intermediates.noindex/CopyM8.build/Debug/CopyM8.build/Objects-normal/arm64/CopyM8-Swift.h -working-directory /Users/dodos/Documents/repositories/vatsa_codes/Clipboard\ Manager\ -\ CopyM8/CopyM8 -experimental-emit-module-separately -disable-cmo

Ld /Users/dodos/Library/Developer/Xcode/DerivedData/CopyM8-dfycskdadlcnruaeahjcfwlhvtdx/Build/Products/Debug/KeyboardShortcuts.o normal (in target 'KeyboardShortcuts' from project 'KeyboardShortcuts')
    cd /Users/dodos/Library/Developer/Xcode/DerivedData/CopyM8-dfycskdadlcnruaeahjcfwlhvtdx/SourcePackages/checkouts/KeyboardShortcuts
    /Applications/Xcode.app/Contents/Developer/Toolchains/XcodeDefault.xctoolchain/usr/bin/clang -Xlinker -reproducible -target arm64-apple-macos10.15 -r -isysroot /Applications/Xcode.app/Contents/Developer/Platforms/MacOSX.platform/Developer/SDKs/MacOSX26.5.sdk -O0 -w -F/Users/dodos/Library/Developer/Xcode/DerivedData/CopyM8-dfycskdadlcnruaeahjcfwlhvtdx/Build/Intermediates.noindex/EagerLinkingTBDs/Debug -F/Users/dodos/Library/Developer/Xcode/DerivedData/CopyM8-dfycskdadlcnruaeahjcfwlhvtdx/Build/Products/Debug -iframework /Applications/Xcode.app/Contents/Developer/Platforms/MacOSX.platform/Developer/Library/Frameworks -filelist /Users/dodos/Library/Developer/Xcode/DerivedData/CopyM8-dfycskdadlcnruaeahjcfwlhvtdx/Build/Intermediates.noindex/KeyboardShortcuts.build/Debug/KeyboardShortcuts.build/Objects-normal/arm64/KeyboardShortcuts.LinkFileList -nostdlib -Xlinker -object_path_lto -Xlinker /Users/dodos/Library/Developer/Xcode/DerivedData/CopyM8-dfycskdadlcnruaeahjcfwlhvtdx/Build/Intermediates.noindex/KeyboardShortcuts.build/Debug/KeyboardShortcuts.build/Objects-normal/arm64/KeyboardShortcuts_lto.o -Xlinker -no_deduplicate -Xlinker -dependency_info -Xlinker /Users/dodos/Library/Developer/Xcode/DerivedData/CopyM8-dfycskdadlcnruaeahjcfwlhvtdx/Build/Intermediates.noindex/KeyboardShortcuts.build/Debug/KeyboardShortcuts.build/Objects-normal/arm64/KeyboardShortcuts_dependency_info.dat -fobjc-link-runtime -L/Applications/Xcode.app/Contents/Developer/Toolchains/XcodeDefault.xctoolchain/usr/lib/swift/macosx -L/usr/lib/swift -Xlinker -add_ast_path -Xlinker /Users/dodos/Library/Developer/Xcode/DerivedData/CopyM8-dfycskdadlcnruaeahjcfwlhvtdx/Build/Intermediates.noindex/KeyboardShortcuts.build/Debug/KeyboardShortcuts.build/Objects-normal/arm64/KeyboardShortcuts.swiftmodule @/Users/dodos/Library/Developer/Xcode/DerivedData/CopyM8-dfycskdadlcnruaeahjcfwlhvtdx/Build/Intermediates.noindex/KeyboardShortcuts.build/Debug/KeyboardShortcuts.build/Objects-normal/arm64/KeyboardShortcuts-linker-args.resp -o /Users/dodos/Library/Developer/Xcode/DerivedData/CopyM8-dfycskdadlcnruaeahjcfwlhvtdx/Build/Products/Debug/KeyboardShortcuts.o

ExtractAppIntentsMetadata (in target 'KeyboardShortcuts' from project 'KeyboardShortcuts')
    cd /Users/dodos/Library/Developer/Xcode/DerivedData/CopyM8-dfycskdadlcnruaeahjcfwlhvtdx/SourcePackages/checkouts/KeyboardShortcuts
    /Applications/Xcode.app/Contents/Developer/Toolchains/XcodeDefault.xctoolchain/usr/bin/appintentsmetadataprocessor --toolchain-dir /Applications/Xcode.app/Contents/Developer/Toolchains/XcodeDefault.xctoolchain --module-name KeyboardShortcuts --sdk-root /Applications/Xcode.app/Contents/Developer/Platforms/MacOSX.platform/Developer/SDKs/MacOSX26.5.sdk --xcode-version 17F113 --platform-family macOS --deployment-target 10.15 --bundle-identifier keyboardshortcuts.KeyboardShortcuts --output /Users/dodos/Library/Developer/Xcode/DerivedData/CopyM8-dfycskdadlcnruaeahjcfwlhvtdx/Build/Products/Debug/KeyboardShortcuts.appintents --target-triple arm64-apple-macos10.15 --binary-file /Users/dodos/Library/Developer/Xcode/DerivedData/CopyM8-dfycskdadlcnruaeahjcfwlhvtdx/Build/Products/Debug/KeyboardShortcuts.o --dependency-file /Users/dodos/Library/Developer/Xcode/DerivedData/CopyM8-dfycskdadlcnruaeahjcfwlhvtdx/Build/Intermediates.noindex/KeyboardShortcuts.build/Debug/KeyboardShortcuts.build/Objects-normal/arm64/KeyboardShortcuts_dependency_info.dat --stringsdata-file /Users/dodos/Library/Developer/Xcode/DerivedData/CopyM8-dfycskdadlcnruaeahjcfwlhvtdx/Build/Intermediates.noindex/KeyboardShortcuts.build/Debug/KeyboardShortcuts.build/Objects-normal/arm64/ExtractedAppShortcutsMetadata.stringsdata --source-file-list /Users/dodos/Library/Developer/Xcode/DerivedData/CopyM8-dfycskdadlcnruaeahjcfwlhvtdx/Build/Intermediates.noindex/KeyboardShortcuts.build/Debug/KeyboardShortcuts.build/Objects-normal/arm64/KeyboardShortcuts.SwiftFileList --metadata-file-list /Users/dodos/Library/Developer/Xcode/DerivedData/CopyM8-dfycskdadlcnruaeahjcfwlhvtdx/Build/Intermediates.noindex/KeyboardShortcuts.build/Debug/KeyboardShortcuts.build/KeyboardShortcuts.DependencyMetadataFileList --static-metadata-file-list /Users/dodos/Library/Developer/Xcode/DerivedData/CopyM8-dfycskdadlcnruaeahjcfwlhvtdx/Build/Intermediates.noindex/KeyboardShortcuts.build/Debug/KeyboardShortcuts.build/KeyboardShortcuts.DependencyStaticMetadataFileList --swift-const-vals-list /Users/dodos/Library/Developer/Xcode/DerivedData/CopyM8-dfycskdadlcnruaeahjcfwlhvtdx/Build/Intermediates.noindex/KeyboardShortcuts.build/Debug/KeyboardShortcuts.build/Objects-normal/arm64/KeyboardShortcuts.SwiftConstValuesFileList --force --compile-time-extraction --deployment-aware-processing --validate-assistant-intents --no-app-shortcuts-localization
2026-07-29 21:53:53.582 appintentsmetadataprocessor[18991:5001775] Starting appintentsmetadataprocessor export
2026-07-29 21:53:53.588 appintentsmetadataprocessor[18991:5001775] Extracted no relevant App Intents symbols, skipping writing output

RegisterExecutionPolicyException /Users/dodos/Library/Developer/Xcode/DerivedData/CopyM8-dfycskdadlcnruaeahjcfwlhvtdx/Build/Products/Debug/KeyboardShortcuts.o (in target 'KeyboardShortcuts' from project 'KeyboardShortcuts')
    cd /Users/dodos/Library/Developer/Xcode/DerivedData/CopyM8-dfycskdadlcnruaeahjcfwlhvtdx/SourcePackages/checkouts/KeyboardShortcuts
    builtin-RegisterExecutionPolicyException /Users/dodos/Library/Developer/Xcode/DerivedData/CopyM8-dfycskdadlcnruaeahjcfwlhvtdx/Build/Products/Debug/KeyboardShortcuts.o

SwiftCompile normal arm64 Compiling\ SettingsView.swift /Users/dodos/Documents/repositories/vatsa_codes/Clipboard\ Manager\ -\ CopyM8/CopyM8/CopyM8/Views/Settings/SettingsView.swift (in target 'CopyM8' from project 'CopyM8')

SwiftCompile normal arm64 /Users/dodos/Documents/repositories/vatsa_codes/Clipboard\ Manager\ -\ CopyM8/CopyM8/CopyM8/Views/Settings/SettingsView.swift (in target 'CopyM8' from project 'CopyM8')
    cd /Users/dodos/Documents/repositories/vatsa_codes/Clipboard\ Manager\ -\ CopyM8/CopyM8
    

SwiftEmitModule normal arm64 Emitting\ module\ for\ CopyM8 (in target 'CopyM8' from project 'CopyM8')

EmitSwiftModule normal arm64 (in target 'CopyM8' from project 'CopyM8')
    cd /Users/dodos/Documents/repositories/vatsa_codes/Clipboard\ Manager\ -\ CopyM8/CopyM8
    

SwiftDriverJobDiscovery normal arm64 Emitting module for CopyM8 (in target 'CopyM8' from project 'CopyM8')

SwiftDriver\ Compilation\ Requirements CopyM8 normal arm64 com.apple.xcode.tools.swift.compiler (in target 'CopyM8' from project 'CopyM8')
    cd /Users/dodos/Documents/repositories/vatsa_codes/Clipboard\ Manager\ -\ CopyM8/CopyM8
    builtin-Swift-Compilation-Requirements -- /Applications/Xcode.app/Contents/Developer/Toolchains/XcodeDefault.xctoolchain/usr/bin/swiftc -module-name CopyM8 -Onone @/Users/dodos/Library/Developer/Xcode/DerivedData/CopyM8-dfycskdadlcnruaeahjcfwlhvtdx/Build/Intermediates.noindex/CopyM8.build/Debug/CopyM8.build/Objects-normal/arm64/CopyM8.SwiftFileList -DDEBUG -enable-bare-slash-regex -enable-experimental-feature DebugDescriptionMacro -sdk /Applications/Xcode.app/Contents/Developer/Platforms/MacOSX.platform/Developer/SDKs/MacOSX26.5.sdk -target arm64-apple-macos14.0 -g -module-cache-path /Users/dodos/Library/Developer/Xcode/DerivedData/ModuleCache.noindex -Xfrontend -serialize-debugging-options -enable-testing -index-store-path /Users/dodos/Library/Developer/Xcode/DerivedData/CopyM8-dfycskdadlcnruaeahjcfwlhvtdx/Index.noindex/DataStore -Xcc -D_LIBCPP_HARDENING_MODE\=_LIBCPP_HARDENING_MODE_DEBUG -swift-version 5 -I /Users/dodos/Library/Developer/Xcode/DerivedData/CopyM8-dfycskdadlcnruaeahjcfwlhvtdx/Build/Products/Debug -F /Users/dodos/Library/Developer/Xcode/DerivedData/CopyM8-dfycskdadlcnruaeahjcfwlhvtdx/Build/Products/Debug/PackageFrameworks -F /Users/dodos/Library/Developer/Xcode/DerivedData/CopyM8-dfycskdadlcnruaeahjcfwlhvtdx/Build/Products/Debug -c -j14 -enable-batch-mode -incremental -Xcc -ivfsstatcache -Xcc /Users/dodos/Library/Developer/Xcode/DerivedData/SDKStatCaches.noindex/macosx26.5-25F70-e082c4a02f00227109f4ed75e425c832.sdkstatcache -output-file-map /Users/dodos/Library/Developer/Xcode/DerivedData/CopyM8-dfycskdadlcnruaeahjcfwlhvtdx/Build/Intermediates.noindex/CopyM8.build/Debug/CopyM8.build/Objects-normal/arm64/CopyM8-OutputFileMap.json -use-frontend-parseable-output -save-temps -no-color-diagnostics -explicit-module-build -module-cache-path /Users/dodos/Library/Developer/Xcode/DerivedData/CopyM8-dfycskdadlcnruaeahjcfwlhvtdx/Build/Intermediates.noindex/SwiftExplicitPrecompiledModules -clang-scanner-module-cache-path /Users/dodos/Library/Developer/Xcode/DerivedData/ModuleCache.noindex -sdk-module-cache-path /Users/dodos/Library/Developer/Xcode/DerivedData/ModuleCache.noindex -serialize-diagnostics -emit-dependencies -emit-module -emit-module-path /Users/dodos/Library/Developer/Xcode/DerivedData/CopyM8-dfycskdadlcnruaeahjcfwlhvtdx/Build/Intermediates.noindex/CopyM8.build/Debug/CopyM8.build/Objects-normal/arm64/CopyM8.swiftmodule -validate-clang-modules-once -clang-build-session-file /Users/dodos/Library/Developer/Xcode/DerivedData/ModuleCache.noindex/Session.modulevalidation -Xcc -I/Users/dodos/Library/Developer/Xcode/DerivedData/CopyM8-dfycskdadlcnruaeahjcfwlhvtdx/Build/Intermediates.noindex/CopyM8.build/Debug/CopyM8.build/swift-overrides.hmap -emit-const-values -Xfrontend -const-gather-protocols-file -Xfrontend /Users/dodos/Library/Developer/Xcode/DerivedData/CopyM8-dfycskdadlcnruaeahjcfwlhvtdx/Build/Intermediates.noindex/CopyM8.build/Debug/CopyM8.build/Objects-normal/arm64/CopyM8_const_extract_protocols.json -Xcc -iquote -Xcc /Users/dodos/Library/Developer/Xcode/DerivedData/CopyM8-dfycskdadlcnruaeahjcfwlhvtdx/Build/Intermediates.noindex/CopyM8.build/Debug/CopyM8.build/CopyM8-generated-files.hmap -Xcc -I/Users/dodos/Library/Developer/Xcode/DerivedData/CopyM8-dfycskdadlcnruaeahjcfwlhvtdx/Build/Intermediates.noindex/CopyM8.build/Debug/CopyM8.build/CopyM8-own-target-headers.hmap -Xcc -I/Users/dodos/Library/Developer/Xcode/DerivedData/CopyM8-dfycskdadlcnruaeahjcfwlhvtdx/Build/Intermediates.noindex/CopyM8.build/Debug/CopyM8.build/CopyM8-all-non-framework-target-headers.hmap -Xcc -ivfsoverlay -Xcc /Users/dodos/Library/Developer/Xcode/DerivedData/CopyM8-dfycskdadlcnruaeahjcfwlhvtdx/Build/Intermediates.noindex/CopyM8.build/Debug/CopyM8-8d9efc174e3597ea7b09193f171e01fa-VFS/all-product-headers.yaml -Xcc -iquote -Xcc /Users/dodos/Library/Developer/Xcode/DerivedData/CopyM8-dfycskdadlcnruaeahjcfwlhvtdx/Build/Intermediates.noindex/CopyM8.build/Debug/CopyM8.build/CopyM8-project-headers.hmap -Xcc -I/Users/dodos/Library/Developer/Xcode/DerivedData/CopyM8-dfycskdadlcnruaeahjcfwlhvtdx/Build/Products/Debug/include -Xcc -I/Users/dodos/Library/Developer/Xcode/DerivedData/CopyM8-dfycskdadlcnruaeahjcfwlhvtdx/Build/Intermediates.noindex/CopyM8.build/Debug/CopyM8.build/DerivedSources-normal/arm64 -Xcc -I/Users/dodos/Library/Developer/Xcode/DerivedData/CopyM8-dfycskdadlcnruaeahjcfwlhvtdx/Build/Intermediates.noindex/CopyM8.build/Debug/CopyM8.build/DerivedSources/arm64 -Xcc -I/Users/dodos/Library/Developer/Xcode/DerivedData/CopyM8-dfycskdadlcnruaeahjcfwlhvtdx/Build/Intermediates.noindex/CopyM8.build/Debug/CopyM8.build/DerivedSources -Xcc -DDEBUG\=1 -emit-objc-header -emit-objc-header-path /Users/dodos/Library/Developer/Xcode/DerivedData/CopyM8-dfycskdadlcnruaeahjcfwlhvtdx/Build/Intermediates.noindex/CopyM8.build/Debug/CopyM8.build/Objects-normal/arm64/CopyM8-Swift.h -working-directory /Users/dodos/Documents/repositories/vatsa_codes/Clipboard\ Manager\ -\ CopyM8/CopyM8 -experimental-emit-module-separately -disable-cmo

SwiftDriverJobDiscovery normal arm64 Compiling SettingsView.swift (in target 'CopyM8' from project 'CopyM8')

SwiftDriver\ Compilation CopyM8 normal arm64 com.apple.xcode.tools.swift.compiler (in target 'CopyM8' from project 'CopyM8')
    cd /Users/dodos/Documents/repositories/vatsa_codes/Clipboard\ Manager\ -\ CopyM8/CopyM8
    builtin-Swift-Compilation -- /Applications/Xcode.app/Contents/Developer/Toolchains/XcodeDefault.xctoolchain/usr/bin/swiftc -module-name CopyM8 -Onone @/Users/dodos/Library/Developer/Xcode/DerivedData/CopyM8-dfycskdadlcnruaeahjcfwlhvtdx/Build/Intermediates.noindex/CopyM8.build/Debug/CopyM8.build/Objects-normal/arm64/CopyM8.SwiftFileList -DDEBUG -enable-bare-slash-regex -enable-experimental-feature DebugDescriptionMacro -sdk /Applications/Xcode.app/Contents/Developer/Platforms/MacOSX.platform/Developer/SDKs/MacOSX26.5.sdk -target arm64-apple-macos14.0 -g -module-cache-path /Users/dodos/Library/Developer/Xcode/DerivedData/ModuleCache.noindex -Xfrontend -serialize-debugging-options -enable-testing -index-store-path /Users/dodos/Library/Developer/Xcode/DerivedData/CopyM8-dfycskdadlcnruaeahjcfwlhvtdx/Index.noindex/DataStore -Xcc -D_LIBCPP_HARDENING_MODE\=_LIBCPP_HARDENING_MODE_DEBUG -swift-version 5 -I /Users/dodos/Library/Developer/Xcode/DerivedData/CopyM8-dfycskdadlcnruaeahjcfwlhvtdx/Build/Products/Debug -F /Users/dodos/Library/Developer/Xcode/DerivedData/CopyM8-dfycskdadlcnruaeahjcfwlhvtdx/Build/Products/Debug/PackageFrameworks -F /Users/dodos/Library/Developer/Xcode/DerivedData/CopyM8-dfycskdadlcnruaeahjcfwlhvtdx/Build/Products/Debug -c -j14 -enable-batch-mode -incremental -Xcc -ivfsstatcache -Xcc /Users/dodos/Library/Developer/Xcode/DerivedData/SDKStatCaches.noindex/macosx26.5-25F70-e082c4a02f00227109f4ed75e425c832.sdkstatcache -output-file-map /Users/dodos/Library/Developer/Xcode/DerivedData/CopyM8-dfycskdadlcnruaeahjcfwlhvtdx/Build/Intermediates.noindex/CopyM8.build/Debug/CopyM8.build/Objects-normal/arm64/CopyM8-OutputFileMap.json -use-frontend-parseable-output -save-temps -no-color-diagnostics -explicit-module-build -module-cache-path /Users/dodos/Library/Developer/Xcode/DerivedData/CopyM8-dfycskdadlcnruaeahjcfwlhvtdx/Build/Intermediates.noindex/SwiftExplicitPrecompiledModules -clang-scanner-module-cache-path /Users/dodos/Library/Developer/Xcode/DerivedData/ModuleCache.noindex -sdk-module-cache-path /Users/dodos/Library/Developer/Xcode/DerivedData/ModuleCache.noindex -serialize-diagnostics -emit-dependencies -emit-module -emit-module-path /Users/dodos/Library/Developer/Xcode/DerivedData/CopyM8-dfycskdadlcnruaeahjcfwlhvtdx/Build/Intermediates.noindex/CopyM8.build/Debug/CopyM8.build/Objects-normal/arm64/CopyM8.swiftmodule -validate-clang-modules-once -clang-build-session-file /Users/dodos/Library/Developer/Xcode/DerivedData/ModuleCache.noindex/Session.modulevalidation -Xcc -I/Users/dodos/Library/Developer/Xcode/DerivedData/CopyM8-dfycskdadlcnruaeahjcfwlhvtdx/Build/Intermediates.noindex/CopyM8.build/Debug/CopyM8.build/swift-overrides.hmap -emit-const-values -Xfrontend -const-gather-protocols-file -Xfrontend /Users/dodos/Library/Developer/Xcode/DerivedData/CopyM8-dfycskdadlcnruaeahjcfwlhvtdx/Build/Intermediates.noindex/CopyM8.build/Debug/CopyM8.build/Objects-normal/arm64/CopyM8_const_extract_protocols.json -Xcc -iquote -Xcc /Users/dodos/Library/Developer/Xcode/DerivedData/CopyM8-dfycskdadlcnruaeahjcfwlhvtdx/Build/Intermediates.noindex/CopyM8.build/Debug/CopyM8.build/CopyM8-generated-files.hmap -Xcc -I/Users/dodos/Library/Developer/Xcode/DerivedData/CopyM8-dfycskdadlcnruaeahjcfwlhvtdx/Build/Intermediates.noindex/CopyM8.build/Debug/CopyM8.build/CopyM8-own-target-headers.hmap -Xcc -I/Users/dodos/Library/Developer/Xcode/DerivedData/CopyM8-dfycskdadlcnruaeahjcfwlhvtdx/Build/Intermediates.noindex/CopyM8.build/Debug/CopyM8.build/CopyM8-all-non-framework-target-headers.hmap -Xcc -ivfsoverlay -Xcc /Users/dodos/Library/Developer/Xcode/DerivedData/CopyM8-dfycskdadlcnruaeahjcfwlhvtdx/Build/Intermediates.noindex/CopyM8.build/Debug/CopyM8-8d9efc174e3597ea7b09193f171e01fa-VFS/all-product-headers.yaml -Xcc -iquote -Xcc /Users/dodos/Library/Developer/Xcode/DerivedData/CopyM8-dfycskdadlcnruaeahjcfwlhvtdx/Build/Intermediates.noindex/CopyM8.build/Debug/CopyM8.build/CopyM8-project-headers.hmap -Xcc -I/Users/dodos/Library/Developer/Xcode/DerivedData/CopyM8-dfycskdadlcnruaeahjcfwlhvtdx/Build/Products/Debug/include -Xcc -I/Users/dodos/Library/Developer/Xcode/DerivedData/CopyM8-dfycskdadlcnruaeahjcfwlhvtdx/Build/Intermediates.noindex/CopyM8.build/Debug/CopyM8.build/DerivedSources-normal/arm64 -Xcc -I/Users/dodos/Library/Developer/Xcode/DerivedData/CopyM8-dfycskdadlcnruaeahjcfwlhvtdx/Build/Intermediates.noindex/CopyM8.build/Debug/CopyM8.build/DerivedSources/arm64 -Xcc -I/Users/dodos/Library/Developer/Xcode/DerivedData/CopyM8-dfycskdadlcnruaeahjcfwlhvtdx/Build/Intermediates.noindex/CopyM8.build/Debug/CopyM8.build/DerivedSources -Xcc -DDEBUG\=1 -emit-objc-header -emit-objc-header-path /Users/dodos/Library/Developer/Xcode/DerivedData/CopyM8-dfycskdadlcnruaeahjcfwlhvtdx/Build/Intermediates.noindex/CopyM8.build/Debug/CopyM8.build/Objects-normal/arm64/CopyM8-Swift.h -working-directory /Users/dodos/Documents/repositories/vatsa_codes/Clipboard\ Manager\ -\ CopyM8/CopyM8 -experimental-emit-module-separately -disable-cmo

Ld /Users/dodos/Library/Developer/Xcode/DerivedData/CopyM8-dfycskdadlcnruaeahjcfwlhvtdx/Build/Products/Debug/CopyM8.app/Contents/MacOS/CopyM8.debug.dylib normal (in target 'CopyM8' from project 'CopyM8')
    cd /Users/dodos/Documents/repositories/vatsa_codes/Clipboard\ Manager\ -\ CopyM8/CopyM8
    /Applications/Xcode.app/Contents/Developer/Toolchains/XcodeDefault.xctoolchain/usr/bin/clang -Xlinker -reproducible -target arm64-apple-macos14.0 -dynamiclib -isysroot /Applications/Xcode.app/Contents/Developer/Platforms/MacOSX.platform/Developer/SDKs/MacOSX26.5.sdk -O0 -L/Users/dodos/Library/Developer/Xcode/DerivedData/CopyM8-dfycskdadlcnruaeahjcfwlhvtdx/Build/Intermediates.noindex/EagerLinkingTBDs/Debug -L/Users/dodos/Library/Developer/Xcode/DerivedData/CopyM8-dfycskdadlcnruaeahjcfwlhvtdx/Build/Products/Debug -F/Users/dodos/Library/Developer/Xcode/DerivedData/CopyM8-dfycskdadlcnruaeahjcfwlhvtdx/Build/Intermediates.noindex/EagerLinkingTBDs/Debug -F/Users/dodos/Library/Developer/Xcode/DerivedData/CopyM8-dfycskdadlcnruaeahjcfwlhvtdx/Build/Products/Debug/PackageFrameworks -F/Users/dodos/Library/Developer/Xcode/DerivedData/CopyM8-dfycskdadlcnruaeahjcfwlhvtdx/Build/Products/Debug -filelist /Users/dodos/Library/Developer/Xcode/DerivedData/CopyM8-dfycskdadlcnruaeahjcfwlhvtdx/Build/Intermediates.noindex/CopyM8.build/Debug/CopyM8.build/Objects-normal/arm64/CopyM8.LinkFileList -install_name @rpath/CopyM8.debug.dylib -Xlinker -rpath -Xlinker /usr/lib/swift -Xlinker -rpath -Xlinker /Users/dodos/Library/Developer/Xcode/DerivedData/CopyM8-dfycskdadlcnruaeahjcfwlhvtdx/Build/Products/Debug/PackageFrameworks -Xlinker -rpath -Xlinker @executable_path/../Frameworks -Xlinker -dead_strip -Xlinker -object_path_lto -Xlinker /Users/dodos/Library/Developer/Xcode/DerivedData/CopyM8-dfycskdadlcnruaeahjcfwlhvtdx/Build/Intermediates.noindex/CopyM8.build/Debug/CopyM8.build/Objects-normal/arm64/CopyM8_lto.o -rdynamic -Xlinker -no_deduplicate -Xlinker -dependency_info -Xlinker /Users/dodos/Library/Developer/Xcode/DerivedData/CopyM8-dfycskdadlcnruaeahjcfwlhvtdx/Build/Intermediates.noindex/CopyM8.build/Debug/CopyM8.build/Objects-normal/arm64/CopyM8_dependency_info.dat -fobjc-link-runtime -L/Applications/Xcode.app/Contents/Developer/Toolchains/XcodeDefault.xctoolchain/usr/lib/swift/macosx -L/usr/lib/swift -Xlinker -add_ast_path -Xlinker /Users/dodos/Library/Developer/Xcode/DerivedData/CopyM8-dfycskdadlcnruaeahjcfwlhvtdx/Build/Intermediates.noindex/CopyM8.build/Debug/CopyM8.build/Objects-normal/arm64/CopyM8.swiftmodule @/Users/dodos/Library/Developer/Xcode/DerivedData/CopyM8-dfycskdadlcnruaeahjcfwlhvtdx/Build/Intermediates.noindex/CopyM8.build/Debug/CopyM8.build/Objects-normal/arm64/CopyM8-linker-args.resp -Wl,-no_warn_duplicate_libraries -Xlinker -alias -Xlinker _main -Xlinker ___debug_main_executable_dylib_entry_point -Xlinker -no_adhoc_codesign -o /Users/dodos/Library/Developer/Xcode/DerivedData/CopyM8-dfycskdadlcnruaeahjcfwlhvtdx/Build/Products/Debug/CopyM8.app/Contents/MacOS/CopyM8.debug.dylib -Xlinker -add_ast_path -Xlinker /Users/dodos/Library/Developer/Xcode/DerivedData/CopyM8-dfycskdadlcnruaeahjcfwlhvtdx/Build/Intermediates.noindex/KeyboardShortcuts.build/Debug/KeyboardShortcuts.build/Objects-normal/arm64/KeyboardShortcuts.swiftmodule @/Users/dodos/Library/Developer/Xcode/DerivedData/CopyM8-dfycskdadlcnruaeahjcfwlhvtdx/Build/Intermediates.noindex/KeyboardShortcuts.build/Debug/KeyboardShortcuts.build/Objects-normal/arm64/KeyboardShortcuts-linker-args.resp

Copy /Users/dodos/Library/Developer/Xcode/DerivedData/CopyM8-dfycskdadlcnruaeahjcfwlhvtdx/Build/Products/Debug/CopyM8.swiftmodule/arm64-apple-macos.abi.json /Users/dodos/Library/Developer/Xcode/DerivedData/CopyM8-dfycskdadlcnruaeahjcfwlhvtdx/Build/Intermediates.noindex/CopyM8.build/Debug/CopyM8.build/Objects-normal/arm64/CopyM8.abi.json (in target 'CopyM8' from project 'CopyM8')
    cd /Users/dodos/Documents/repositories/vatsa_codes/Clipboard\ Manager\ -\ CopyM8/CopyM8
    builtin-copy -exclude .DS_Store -exclude CVS -exclude .svn -exclude .git -exclude .hg -resolve-src-symlinks -rename /Users/dodos/Library/Developer/Xcode/DerivedData/CopyM8-dfycskdadlcnruaeahjcfwlhvtdx/Build/Intermediates.noindex/CopyM8.build/Debug/CopyM8.build/Objects-normal/arm64/CopyM8.abi.json /Users/dodos/Library/Developer/Xcode/DerivedData/CopyM8-dfycskdadlcnruaeahjcfwlhvtdx/Build/Products/Debug/CopyM8.swiftmodule/arm64-apple-macos.abi.json

Copy /Users/dodos/Library/Developer/Xcode/DerivedData/CopyM8-dfycskdadlcnruaeahjcfwlhvtdx/Build/Products/Debug/CopyM8.swiftmodule/Project/arm64-apple-macos.swiftsourceinfo /Users/dodos/Library/Developer/Xcode/DerivedData/CopyM8-dfycskdadlcnruaeahjcfwlhvtdx/Build/Intermediates.noindex/CopyM8.build/Debug/CopyM8.build/Objects-normal/arm64/CopyM8.swiftsourceinfo (in target 'CopyM8' from project 'CopyM8')
    cd /Users/dodos/Documents/repositories/vatsa_codes/Clipboard\ Manager\ -\ CopyM8/CopyM8
    builtin-copy -exclude .DS_Store -exclude CVS -exclude .svn -exclude .git -exclude .hg -resolve-src-symlinks -rename /Users/dodos/Library/Developer/Xcode/DerivedData/CopyM8-dfycskdadlcnruaeahjcfwlhvtdx/Build/Intermediates.noindex/CopyM8.build/Debug/CopyM8.build/Objects-normal/arm64/CopyM8.swiftsourceinfo /Users/dodos/Library/Developer/Xcode/DerivedData/CopyM8-dfycskdadlcnruaeahjcfwlhvtdx/Build/Products/Debug/CopyM8.swiftmodule/Project/arm64-apple-macos.swiftsourceinfo

ConstructStubExecutorLinkFileList /Users/dodos/Library/Developer/Xcode/DerivedData/CopyM8-dfycskdadlcnruaeahjcfwlhvtdx/Build/Intermediates.noindex/CopyM8.build/Debug/CopyM8.build/CopyM8-ExecutorLinkFileList-normal-arm64.txt (in target 'CopyM8' from project 'CopyM8')
    cd /Users/dodos/Documents/repositories/vatsa_codes/Clipboard\ Manager\ -\ CopyM8/CopyM8
    construct-stub-executor-link-file-list /Users/dodos/Library/Developer/Xcode/DerivedData/CopyM8-dfycskdadlcnruaeahjcfwlhvtdx/Build/Products/Debug/CopyM8.app/Contents/MacOS/CopyM8.debug.dylib /Applications/Xcode.app/Contents/Developer/Platforms/MacOSX.platform/Developer/usr/lib/libPreviewsJITStubExecutor_no_swift_entry_point.a /Applications/Xcode.app/Contents/Developer/Platforms/MacOSX.platform/Developer/usr/lib/libPreviewsJITStubExecutor.a --output /Users/dodos/Library/Developer/Xcode/DerivedData/CopyM8-dfycskdadlcnruaeahjcfwlhvtdx/Build/Intermediates.noindex/CopyM8.build/Debug/CopyM8.build/CopyM8-ExecutorLinkFileList-normal-arm64.txt
note: Using stub executor library with Swift entry point. (in target 'CopyM8' from project 'CopyM8')

Ld /Users/dodos/Library/Developer/Xcode/DerivedData/CopyM8-dfycskdadlcnruaeahjcfwlhvtdx/Build/Products/Debug/CopyM8.app/Contents/MacOS/CopyM8 normal (in target 'CopyM8' from project 'CopyM8')
    cd /Users/dodos/Documents/repositories/vatsa_codes/Clipboard\ Manager\ -\ CopyM8/CopyM8
    /Applications/Xcode.app/Contents/Developer/Toolchains/XcodeDefault.xctoolchain/usr/bin/clang -Xlinker -reproducible -target arm64-apple-macos14.0 -isysroot /Applications/Xcode.app/Contents/Developer/Platforms/MacOSX.platform/Developer/SDKs/MacOSX26.5.sdk -O0 -L/Users/dodos/Library/Developer/Xcode/DerivedData/CopyM8-dfycskdadlcnruaeahjcfwlhvtdx/Build/Products/Debug -F/Users/dodos/Library/Developer/Xcode/DerivedData/CopyM8-dfycskdadlcnruaeahjcfwlhvtdx/Build/Products/Debug/PackageFrameworks -F/Users/dodos/Library/Developer/Xcode/DerivedData/CopyM8-dfycskdadlcnruaeahjcfwlhvtdx/Build/Products/Debug -Xlinker -rpath -Xlinker @executable_path -Xlinker -rpath -Xlinker /Users/dodos/Library/Developer/Xcode/DerivedData/CopyM8-dfycskdadlcnruaeahjcfwlhvtdx/Build/Products/Debug/PackageFrameworks -Xlinker -rpath -Xlinker @executable_path/../Frameworks -rdynamic -Xlinker -no_deduplicate -e ___debug_blank_executor_main -Xlinker -sectcreate -Xlinker __TEXT -Xlinker __debug_dylib -Xlinker /Users/dodos/Library/Developer/Xcode/DerivedData/CopyM8-dfycskdadlcnruaeahjcfwlhvtdx/Build/Intermediates.noindex/CopyM8.build/Debug/CopyM8.build/CopyM8-DebugDylibPath-normal-arm64.txt -Xlinker -sectcreate -Xlinker __TEXT -Xlinker __debug_instlnm -Xlinker /Users/dodos/Library/Developer/Xcode/DerivedData/CopyM8-dfycskdadlcnruaeahjcfwlhvtdx/Build/Intermediates.noindex/CopyM8.build/Debug/CopyM8.build/CopyM8-DebugDylibInstallName-normal-arm64.txt -Xlinker -filelist -Xlinker /Users/dodos/Library/Developer/Xcode/DerivedData/CopyM8-dfycskdadlcnruaeahjcfwlhvtdx/Build/Intermediates.noindex/CopyM8.build/Debug/CopyM8.build/CopyM8-ExecutorLinkFileList-normal-arm64.txt /Users/dodos/Library/Developer/Xcode/DerivedData/CopyM8-dfycskdadlcnruaeahjcfwlhvtdx/Build/Products/Debug/CopyM8.app/Contents/MacOS/CopyM8.debug.dylib -Xlinker -no_adhoc_codesign -o /Users/dodos/Library/Developer/Xcode/DerivedData/CopyM8-dfycskdadlcnruaeahjcfwlhvtdx/Build/Products/Debug/CopyM8.app/Contents/MacOS/CopyM8

ExtractAppIntentsMetadata (in target 'CopyM8' from project 'CopyM8')
    cd /Users/dodos/Documents/repositories/vatsa_codes/Clipboard\ Manager\ -\ CopyM8/CopyM8
    /Applications/Xcode.app/Contents/Developer/Toolchains/XcodeDefault.xctoolchain/usr/bin/appintentsmetadataprocessor --toolchain-dir /Applications/Xcode.app/Contents/Developer/Toolchains/XcodeDefault.xctoolchain --module-name CopyM8 --sdk-root /Applications/Xcode.app/Contents/Developer/Platforms/MacOSX.platform/Developer/SDKs/MacOSX26.5.sdk --xcode-version 17F113 --platform-family macOS --deployment-target 14.0 --bundle-identifier com.vatsa.CopyM8 --output /Users/dodos/Library/Developer/Xcode/DerivedData/CopyM8-dfycskdadlcnruaeahjcfwlhvtdx/Build/Products/Debug/CopyM8.app/Contents/Resources --target-triple arm64-apple-macos14.0 --binary-file /Users/dodos/Library/Developer/Xcode/DerivedData/CopyM8-dfycskdadlcnruaeahjcfwlhvtdx/Build/Products/Debug/CopyM8.app/Contents/MacOS/CopyM8 --dependency-file /Users/dodos/Library/Developer/Xcode/DerivedData/CopyM8-dfycskdadlcnruaeahjcfwlhvtdx/Build/Intermediates.noindex/CopyM8.build/Debug/CopyM8.build/Objects-normal/arm64/CopyM8_dependency_info.dat --stringsdata-file /Users/dodos/Library/Developer/Xcode/DerivedData/CopyM8-dfycskdadlcnruaeahjcfwlhvtdx/Build/Intermediates.noindex/CopyM8.build/Debug/CopyM8.build/Objects-normal/arm64/ExtractedAppShortcutsMetadata.stringsdata --source-file-list /Users/dodos/Library/Developer/Xcode/DerivedData/CopyM8-dfycskdadlcnruaeahjcfwlhvtdx/Build/Intermediates.noindex/CopyM8.build/Debug/CopyM8.build/Objects-normal/arm64/CopyM8.SwiftFileList --metadata-file-list /Users/dodos/Library/Developer/Xcode/DerivedData/CopyM8-dfycskdadlcnruaeahjcfwlhvtdx/Build/Intermediates.noindex/CopyM8.build/Debug/CopyM8.build/CopyM8.DependencyMetadataFileList --static-metadata-file-list /Users/dodos/Library/Developer/Xcode/DerivedData/CopyM8-dfycskdadlcnruaeahjcfwlhvtdx/Build/Intermediates.noindex/CopyM8.build/Debug/CopyM8.build/CopyM8.DependencyStaticMetadataFileList --swift-const-vals-list /Users/dodos/Library/Developer/Xcode/DerivedData/CopyM8-dfycskdadlcnruaeahjcfwlhvtdx/Build/Intermediates.noindex/CopyM8.build/Debug/CopyM8.build/Objects-normal/arm64/CopyM8.SwiftConstValuesFileList --compile-time-extraction --deployment-aware-processing --validate-assistant-intents --no-app-shortcuts-localization
2026-07-29 21:53:55.233 appintentsmetadataprocessor[19001:5001897] Starting appintentsmetadataprocessor export
2026-07-29 21:53:55.234 appintentsmetadataprocessor[19001:5001897] warning: Metadata extraction skipped. No AppIntents.framework dependency found.

CopySwiftLibs /Users/dodos/Library/Developer/Xcode/DerivedData/CopyM8-dfycskdadlcnruaeahjcfwlhvtdx/Build/Products/Debug/CopyM8.app (in target 'CopyM8' from project 'CopyM8')
    cd /Users/dodos/Documents/repositories/vatsa_codes/Clipboard\ Manager\ -\ CopyM8/CopyM8
    builtin-swiftStdLibTool --copy --verbose --sign - --scan-executable /Users/dodos/Library/Developer/Xcode/DerivedData/CopyM8-dfycskdadlcnruaeahjcfwlhvtdx/Build/Products/Debug/CopyM8.app/Contents/MacOS/CopyM8.debug.dylib --scan-folder /Users/dodos/Library/Developer/Xcode/DerivedData/CopyM8-dfycskdadlcnruaeahjcfwlhvtdx/Build/Products/Debug/CopyM8.app/Contents/Frameworks --scan-folder /Users/dodos/Library/Developer/Xcode/DerivedData/CopyM8-dfycskdadlcnruaeahjcfwlhvtdx/Build/Products/Debug/CopyM8.app/Contents/PlugIns --scan-folder /Users/dodos/Library/Developer/Xcode/DerivedData/CopyM8-dfycskdadlcnruaeahjcfwlhvtdx/Build/Products/Debug/CopyM8.app/Contents/Library/SystemExtensions --scan-folder /Users/dodos/Library/Developer/Xcode/DerivedData/CopyM8-dfycskdadlcnruaeahjcfwlhvtdx/Build/Products/Debug/CopyM8.app/Contents/Extensions --platform macosx --toolchain /Applications/Xcode.app/Contents/Developer/Toolchains/XcodeDefault.xctoolchain --destination /Users/dodos/Library/Developer/Xcode/DerivedData/CopyM8-dfycskdadlcnruaeahjcfwlhvtdx/Build/Products/Debug/CopyM8.app/Contents/Frameworks --strip-bitcode --strip-bitcode-tool /Applications/Xcode.app/Contents/Developer/Toolchains/XcodeDefault.xctoolchain/usr/bin/bitcode_strip --emit-dependency-info /Users/dodos/Library/Developer/Xcode/DerivedData/CopyM8-dfycskdadlcnruaeahjcfwlhvtdx/Build/Intermediates.noindex/CopyM8.build/Debug/CopyM8.build/SwiftStdLibToolInputDependencies.dep --filter-for-swift-os --back-deploy-swift-span

ProcessInfoPlistFile /Users/dodos/Library/Developer/Xcode/DerivedData/CopyM8-dfycskdadlcnruaeahjcfwlhvtdx/Build/Products/Debug/CopyM8.app/Contents/Info.plist /Users/dodos/Documents/repositories/vatsa_codes/Clipboard\ Manager\ -\ CopyM8/CopyM8/CopyM8/Info.plist (in target 'CopyM8' from project 'CopyM8')
    cd /Users/dodos/Documents/repositories/vatsa_codes/Clipboard\ Manager\ -\ CopyM8/CopyM8
    builtin-infoPlistUtility /Users/dodos/Documents/repositories/vatsa_codes/Clipboard\ Manager\ -\ CopyM8/CopyM8/CopyM8/Info.plist -producttype com.apple.product-type.application -genpkginfo /Users/dodos/Library/Developer/Xcode/DerivedData/CopyM8-dfycskdadlcnruaeahjcfwlhvtdx/Build/Products/Debug/CopyM8.app/Contents/PkgInfo -expandbuildsettings -platform macosx -scanforprivacyfile /Users/dodos/Library/Developer/Xcode/DerivedData/CopyM8-dfycskdadlcnruaeahjcfwlhvtdx/Build/Products/Debug/CopyM8.app/Contents/Resources/KeyboardShortcuts_KeyboardShortcuts.bundle -o /Users/dodos/Library/Developer/Xcode/DerivedData/CopyM8-dfycskdadlcnruaeahjcfwlhvtdx/Build/Products/Debug/CopyM8.app/Contents/Info.plist

CodeSign /Users/dodos/Library/Developer/Xcode/DerivedData/CopyM8-dfycskdadlcnruaeahjcfwlhvtdx/Build/Products/Debug/CopyM8.app/Contents/MacOS/CopyM8.debug.dylib (in target 'CopyM8' from project 'CopyM8')
    cd /Users/dodos/Documents/repositories/vatsa_codes/Clipboard\ Manager\ -\ CopyM8/CopyM8
    
    Signing Identity:     "Sign to Run Locally"
    
    /usr/bin/codesign --force --sign - --timestamp\=none --generate-entitlement-der /Users/dodos/Library/Developer/Xcode/DerivedData/CopyM8-dfycskdadlcnruaeahjcfwlhvtdx/Build/Products/Debug/CopyM8.app/Contents/MacOS/CopyM8.debug.dylib

CodeSign /Users/dodos/Library/Developer/Xcode/DerivedData/CopyM8-dfycskdadlcnruaeahjcfwlhvtdx/Build/Products/Debug/CopyM8.app/Contents/MacOS/__preview.dylib (in target 'CopyM8' from project 'CopyM8')
    cd /Users/dodos/Documents/repositories/vatsa_codes/Clipboard\ Manager\ -\ CopyM8/CopyM8
    
    Signing Identity:     "Sign to Run Locally"
    
    /usr/bin/codesign --force --sign - --timestamp\=none --generate-entitlement-der /Users/dodos/Library/Developer/Xcode/DerivedData/CopyM8-dfycskdadlcnruaeahjcfwlhvtdx/Build/Products/Debug/CopyM8.app/Contents/MacOS/__preview.dylib
/Users/dodos/Library/Developer/Xcode/DerivedData/CopyM8-dfycskdadlcnruaeahjcfwlhvtdx/Build/Products/Debug/CopyM8.app/Contents/MacOS/__preview.dylib: replacing existing signature

CodeSign /Users/dodos/Library/Developer/Xcode/DerivedData/CopyM8-dfycskdadlcnruaeahjcfwlhvtdx/Build/Products/Debug/CopyM8.app (in target 'CopyM8' from project 'CopyM8')
    cd /Users/dodos/Documents/repositories/vatsa_codes/Clipboard\ Manager\ -\ CopyM8/CopyM8
    
    Signing Identity:     "Sign to Run Locally"
    
    /usr/bin/codesign --force --sign - --entitlements /Users/dodos/Library/Developer/Xcode/DerivedData/CopyM8-dfycskdadlcnruaeahjcfwlhvtdx/Build/Intermediates.noindex/CopyM8.build/Debug/CopyM8.build/CopyM8.app.xcent --timestamp\=none --generate-entitlement-der /Users/dodos/Library/Developer/Xcode/DerivedData/CopyM8-dfycskdadlcnruaeahjcfwlhvtdx/Build/Products/Debug/CopyM8.app

Validate /Users/dodos/Library/Developer/Xcode/DerivedData/CopyM8-dfycskdadlcnruaeahjcfwlhvtdx/Build/Products/Debug/CopyM8.app (in target 'CopyM8' from project 'CopyM8')
    cd /Users/dodos/Documents/repositories/vatsa_codes/Clipboard\ Manager\ -\ CopyM8/CopyM8
    builtin-validationUtility /Users/dodos/Library/Developer/Xcode/DerivedData/CopyM8-dfycskdadlcnruaeahjcfwlhvtdx/Build/Products/Debug/CopyM8.app -no-validate-extension -infoplist-subpath Contents/Info.plist

RegisterWithLaunchServices /Users/dodos/Library/Developer/Xcode/DerivedData/CopyM8-dfycskdadlcnruaeahjcfwlhvtdx/Build/Products/Debug/CopyM8.app (in target 'CopyM8' from project 'CopyM8')
    cd /Users/dodos/Documents/repositories/vatsa_codes/Clipboard\ Manager\ -\ CopyM8/CopyM8
    /System/Library/Frameworks/CoreServices.framework/Versions/Current/Frameworks/LaunchServices.framework/Versions/Current/Support/lsregister -f -R -trusted /Users/dodos/Library/Developer/Xcode/DerivedData/CopyM8-dfycskdadlcnruaeahjcfwlhvtdx/Build/Products/Debug/CopyM8.app

** BUILD SUCCEEDED **

